162.243.151.39 - - [02/Nov/2023:05:05:59 +0000] "GET / HTTP/1.1" 200 396 "-" "Mozilla/5.0 zgrab/0.x"
64.62.197.207 - - [02/Nov/2023:05:06:51 +0000] "\x16\x03\x01\x00{\x01\x00\x00w\x03\x038{\x12,V\xD4~Q?\x97N#_\x19\xC9\x9Bt\xD6x\x8C\xD7\xB4#\x02\xAC\xFB\xAB\x7FU*\xC6\xA0\x00\x00\x1A\xC0/\xC0+\xC0\x11\xC0\x07\xC0\x13\xC0\x09\xC0\x14\xC0" 400 157 "-" "-"
57.129.23.166 - - [02/Nov/2023:05:19:12 +0000] "GET /.env HTTP/1.1" 404 188 "-" "Mozilla/5.0 (X11; Linux x86_64) AppleWebKit/537.36 (KHTML, like Gecko) Chrome/81.0.4044.129 Safari/537.36"
57.129.23.166 - - [02/Nov/2023:05:19:12 +0000] "POST / HTTP/1.1" 405 559 "-" "Mozilla/5.0 (X11; Linux x86_64) AppleWebKit/537.36 (KHTML, like Gecko) Chrome/81.0.4044.129 Safari/537.36"
64.227.148.219 - - [02/Nov/2023:05:19:44 +0000] "GET / HTTP/1.1" 200 102 "-" "Mozilla/5.0 (Windows NT 10.0; Win64; x64) AppleWebKit/537.36 (KHTML, like Gecko) Chrome/78.0.3904.108 Safari/537.36"
64.227.148.219 - - [02/Nov/2023:05:19:45 +0000] "GET / HTTP/1.1" 200 102 "-" "Mozilla/5.0 (Windows NT 10.0; Win64; x64) AppleWebKit/537.36 (KHTML, like Gecko) Chrome/78.0.3904.108 Safari/537.36"
64.227.148.219 - - [02/Nov/2023:05:19:45 +0000] "GET /wp-includes/wlwmanifest.xml HTTP/1.1" 404 555 "-" "Mozilla/5.0 (Windows NT 10.0; Win64; x64) AppleWebKit/537.36 (KHTML, like Gecko) Chrome/78.0.3904.108 Safari/537.36"
64.227.148.219 - - [02/Nov/2023:05:19:46 +0000] "GET /xmlrpc.php?rsd HTTP/1.1" 404 555 "-" "Mozilla/5.0 (Windows NT 10.0; Win64; x64) AppleWebKit/537.36 (KHTML, like Gecko) Chrome/78.0.3904.108 Safari/537.36"
64.227.148.219 - - [02/Nov/2023:05:19:47 +0000] "GET / HTTP/1.1" 200 102 "-" "Mozilla/5.0 (Windows NT 10.0; Win64; x64) AppleWebKit/537.36 (KHTML, like Gecko) Chrome/78.0.3904.108 Safari/537.36"
64.227.148.219 - - [02/Nov/2023:05:19:47 +0000] "GET /blog/wp-includes/wlwmanifest.xml HTTP/1.1" 404 555 "-" "Mozilla/5.0 (Windows NT 10.0; Win64; x64) AppleWebKit/537.36 (KHTML, like Gecko) Chrome/78.0.3904.108 Safari/537.36"
64.227.148.219 - - [02/Nov/2023:05:19:48 +0000] "GET /web/wp-includes/wlwmanifest.xml HTTP/1.1" 404 555 "-" "Mozilla/5.0 (Windows NT 10.0; Win64; x64) AppleWebKit/537.36 (KHTML, like Gecko) Chrome/78.0.3904.108 Safari/537.36"
64.227.148.219 - - [02/Nov/2023:05:19:48 +0000] "GET /wordpress/wp-includes/wlwmanifest.xml HTTP/1.1" 404 555 "-" "Mozilla/5.0 (Windows NT 10.0; Win64; x64) AppleWebKit/537.36 (KHTML, like Gecko) Chrome/78.0.3904.108 Safari/537.36"
64.227.148.219 - - [02/Nov/2023:05:19:49 +0000] "GET /website/wp-includes/wlwmanifest.xml HTTP/1.1" 404 555 "-" "Mozilla/5.0 (Windows NT 10.0; Win64; x64) AppleWebKit/537.36 (KHTML, like Gecko) Chrome/78.0.3904.108 Safari/537.36"
64.227.148.219 - - [02/Nov/2023:05:19:49 +0000] "GET /wp/wp-includes/wlwmanifest.xml HTTP/1.1" 404 555 "-" "Mozilla/5.0 (Windows NT 10.0; Win64; x64) AppleWebKit/537.36 (KHTML, like Gecko) Chrome/78.0.3904.108 Safari/537.36"
64.227.148.219 - - [02/Nov/2023:05:19:50 +0000] "GET /news/wp-includes/wlwmanifest.xml HTTP/1.1" 404 555 "-" "Mozilla/5.0 (Windows NT 10.0; Win64; x64) AppleWebKit/537.36 (KHTML, like Gecko) Chrome/78.0.3904.108 Safari/537.36"
64.227.148.219 - - [02/Nov/2023:05:19:50 +0000] "GET /2018/wp-includes/wlwmanifest.xml HTTP/1.1" 404 555 "-" "Mozilla/5.0 (Windows NT 10.0; Win64; x64) AppleWebKit/537.36 (KHTML, like Gecko) Chrome/78.0.3904.108 Safari/537.36"
64.227.148.219 - - [02/Nov/2023:05:19:51 +0000] "GET /2019/wp-includes/wlwmanifest.xml HTTP/1.1" 404 555 "-" "Mozilla/5.0 (Windows NT 10.0; Win64; x64) AppleWebKit/537.36 (KHTML, like Gecko) Chrome/78.0.3904.108 Safari/537.36"
64.227.148.219 - - [02/Nov/2023:05:19:51 +0000] "GET /shop/wp-includes/wlwmanifest.xml HTTP/1.1" 404 555 "-" "Mozilla/5.0 (Windows NT 10.0; Win64; x64) AppleWebKit/537.36 (KHTML, like Gecko) Chrome/78.0.3904.108 Safari/537.36"
64.227.148.219 - - [02/Nov/2023:05:19:52 +0000] "GET /wp1/wp-includes/wlwmanifest.xml HTTP/1.1" 404 555 "-" "Mozilla/5.0 (Windows NT 10.0; Win64; x64) AppleWebKit/537.36 (KHTML, like Gecko) Chrome/78.0.3904.108 Safari/537.36"
64.227.148.219 - - [02/Nov/2023:05:19:52 +0000] "GET /test/wp-includes/wlwmanifest.xml HTTP/1.1" 404 555 "-" "Mozilla/5.0 (Windows NT 10.0; Win64; x64) AppleWebKit/537.36 (KHTML, like Gecko) Chrome/78.0.3904.108 Safari/537.36"
64.227.148.219 - - [02/Nov/2023:05:19:53 +0000] "GET /media/wp-includes/wlwmanifest.xml HTTP/1.1" 404 555 "-" "Mozilla/5.0 (Windows NT 10.0; Win64; x64) AppleWebKit/537.36 (KHTML, like Gecko) Chrome/78.0.3904.108 Safari/537.36"
64.227.148.219 - - [02/Nov/2023:05:19:53 +0000] "GET /wp2/wp-includes/wlwmanifest.xml HTTP/1.1" 404 555 "-" "Mozilla/5.0 (Windows NT 10.0; Win64; x64) AppleWebKit/537.36 (KHTML, like Gecko) Chrome/78.0.3904.108 Safari/537.36"
64.227.148.219 - - [02/Nov/2023:05:19:54 +0000] "GET /site/wp-includes/wlwmanifest.xml HTTP/1.1" 404 555 "-" "Mozilla/5.0 (Windows NT 10.0; Win64; x64) AppleWebKit/537.36 (KHTML, like Gecko) Chrome/78.0.3904.108 Safari/537.36"
64.227.148.219 - - [02/Nov/2023:05:19:55 +0000] "GET /cms/wp-includes/wlwmanifest.xml HTTP/1.1" 404 555 "-" "Mozilla/5.0 (Windows NT 10.0; Win64; x64) AppleWebKit/537.36 (KHTML, like Gecko) Chrome/78.0.3904.108 Safari/537.36"
64.227.148.219 - - [02/Nov/2023:05:19:55 +0000] "GET /sito/wp-includes/wlwmanifest.xml HTTP/1.1" 404 555 "-" "Mozilla/5.0 (Windows NT 10.0; Win64; x64) AppleWebKit/537.36 (KHTML, like Gecko) Chrome/78.0.3904.108 Safari/537.36"
64.227.148.219 - - [02/Nov/2023:05:19:56 +0000] "" 400 0 "-" "-"
44.230.252.91 - - [02/Nov/2023:05:20:07 +0000] "GET / HTTP/1.1" 200 102 "-" "my-tiny-bot"
3.249.196.231 - - [02/Nov/2023:05:22:19 +0000] "GET / HTTP/1.1" 200 102 "-" "Mozilla/5.0 (Macintosh; Intel Mac OS X 10.15; rv:81.0) Gecko/20100101 Firefox/81.0"
184.105.247.252 - - [02/Nov/2023:05:25:42 +0000] "GET / HTTP/1.1" 200 396 "-" "Mozilla/5.0 (Macintosh; Intel Mac OS X 10_15_7) AppleWebKit/605.1.15 (KHTML, like Gecko) Version/16.3 Safari/605.1.15"
184.105.247.252 - - [02/Nov/2023:05:26:49 +0000] "GET /webui/ HTTP/1.1" 404 125 "-" "Mozilla/5.0 (Windows NT 10.0; Win64; x64; rv:108.0) Gecko/20100101 Firefox/108.0"
54.37.79.75 - - [02/Nov/2023:05:27:54 +0000] "GET /.env HTTP/1.1" 404 188 "-" "Mozilla/5.0 (X11; Linux x86_64) AppleWebKit/537.36 (KHTML, like Gecko) Chrome/81.0.4044.129 Safari/537.36"
54.37.79.75 - - [02/Nov/2023:05:27:54 +0000] "POST / HTTP/1.1" 405 559 "-" "Mozilla/5.0 (X11; Linux x86_64) AppleWebKit/537.36 (KHTML, like Gecko) Chrome/81.0.4044.129 Safari/537.36"
184.105.247.252 - - [02/Nov/2023:05:28:20 +0000] "GET /favicon.ico HTTP/1.1" 404 188 "-" "Mozilla/5.0 (Windows NT 10.0; Win64; x64) AppleWebKit/537.36 (KHTML, like Gecko) Chrome/109.0.0.0 Safari/537.36 Edg/109.0.1518.78"
184.105.247.252 - - [02/Nov/2023:05:29:08 +0000] "GET /geoserver/web/ HTTP/1.1" 404 125 "-" "Mozilla/5.0 (Macintosh; Intel Mac OS X 10_15_7) AppleWebKit/605.1.15 (KHTML, like Gecko) Version/16.3 Safari/605.1.15"
51.159.111.112 - - [02/Nov/2023:05:29:56 +0000] "HEAD / HTTP/1.1" 200 0 "-" "curl/7.81.0"
51.159.111.112 - - [02/Nov/2023:05:29:56 +0000] "GET / HTTP/1.1" 200 396 "-" "Mozilla/5.0 (Windows NT 10.0; Win64; x64) AppleWebKit/537.36 (KHTML, like Gecko) Chrome/112.0.0.0 Safari/537.36"
51.159.111.112 - - [02/Nov/2023:05:29:57 +0000] "GET / HTTP/1.1" 200 396 "-" "Mozilla/5.0 (Windows NT 10.0; Win64; x64) AppleWebKit/537.36 (KHTML, like Gecko) Chrome/112.0.0.0 Safari/537.36"
141.98.11.52 - - [02/Nov/2023:05:32:05 +0000] "GET / HTTP/1.1" 200 612 "-" "-"
141.98.11.52 - - [02/Nov/2023:06:18:40 +0000] "GET / HTTP/1.1" 200 612 "-" "-"
47.90.248.193 - - [02/Nov/2023:06:19:33 +0000] "GET / HTTP/1.0" 200 612 "-" "-"
47.90.248.193 - - [02/Nov/2023:06:19:38 +0000] "GET / HTTP/1.1" 200 396 "-" "Mozilla/5.0 (Macintosh; Intel Mac OS X 10_14_6) AppleWebKit/537.36 (KHTML, like Gecko) Chrome/76.0.3809.132 Safari/537.36"
146.59.155.218 - - [02/Nov/2023:06:20:33 +0000] "POST /blog/wp-cron.php?doing_wp_cron=1698906033.6617259979248046875000 HTTP/1.1" 200 31 "-" "WordPress/6.3.2; https://adr.iaan.be/blog"
31.18.103.21 - - [02/Nov/2023:06:20:33 +0000] "GET /blog/feed/ HTTP/1.1" 304 0 "https://adr.iaan.be/blog/feed/" "FreshRSS/1.19.2 (Linux; https://freshrss.org)"
57.129.23.166 - - [02/Nov/2023:06:22:10 +0000] "GET /.env HTTP/1.1" 404 188 "-" "Mozilla/5.0 (X11; Linux x86_64) AppleWebKit/537.36 (KHTML, like Gecko) Chrome/81.0.4044.129 Safari/537.36"
57.129.23.166 - - [02/Nov/2023:06:22:11 +0000] "POST / HTTP/1.1" 405 559 "-" "Mozilla/5.0 (X11; Linux x86_64) AppleWebKit/537.36 (KHTML, like Gecko) Chrome/81.0.4044.129 Safari/537.36"
47.252.5.144 - - [02/Nov/2023:06:29:14 +0000] "test" 400 157 "-" "-"
47.252.5.144 - - [02/Nov/2023:06:29:15 +0000] "GET / HTTP/1.1" 200 396 "-" "Mozilla/5.0 (Macintosh; Intel Mac OS X 10_14_6) AppleWebKit/537.36 (KHTML, like Gecko) Chrome/76.0.3809.132 Safari/537.36"
192.241.192.55 - - [02/Nov/2023:06:35:07 +0000] "GET / HTTP/1.1" 400 255 "-" "Mozilla/5.0 zgrab/0.x"
185.165.190.17 - - [02/Nov/2023:06:47:46 +0000] "GET / HTTP/1.1" 200 612 "-" "Mozilla/5.0 (X11; Linux x86_64) AppleWebKit/537.36 (KHTML, like Gecko) Chrome/98.0.4758.102 Safari/537.36"
185.165.190.17 - - [02/Nov/2023:06:47:49 +0000] "" 400 0 "-" "-"
185.165.190.17 - - [02/Nov/2023:06:47:51 +0000] "" 400 0 "-" "-"
185.165.190.17 - - [02/Nov/2023:06:47:53 +0000] "" 400 0 "-" "-"
185.165.190.17 - - [02/Nov/2023:06:47:53 +0000] "" 400 0 "-" "-"
185.165.190.17 - - [02/Nov/2023:06:47:53 +0000] "" 400 0 "-" "-"
57.129.23.166 - - [02/Nov/2023:06:48:53 +0000] "GET /.env HTTP/1.1" 404 188 "-" "Mozilla/5.0 (X11; Linux x86_64) AppleWebKit/537.36 (KHTML, like Gecko) Chrome/81.0.4044.129 Safari/537.36"
57.129.23.166 - - [02/Nov/2023:06:48:53 +0000] "POST / HTTP/1.1" 405 559 "-" "Mozilla/5.0 (X11; Linux x86_64) AppleWebKit/537.36 (KHTML, like Gecko) Chrome/81.0.4044.129 Safari/537.36"
194.169.175.167 - - [02/Nov/2023:06:51:16 +0000] "GET /.well-known/ HTTP/1.1" 404 188 "-" "Mozlila/5.0 (Linux; Android 7.0; SM-G892A Bulid/NRD90M; wv) AppleWebKit/537.36 (KHTML, like Gecko) Version/4.0 Chrome/60.0.3112.107 Moblie Safari/537.36"
194.169.175.167 - - [02/Nov/2023:06:51:16 +0000] "GET /wp-content/uploads/ HTTP/1.1" 404 188 "-" "Mozlila/5.0 (Linux; Android 7.0; SM-G892A Bulid/NRD90M; wv) AppleWebKit/537.36 (KHTML, like Gecko) Version/4.0 Chrome/60.0.3112.107 Moblie Safari/537.36"
194.169.175.167 - - [02/Nov/2023:06:51:16 +0000] "GET /wp-includes/ HTTP/1.1" 404 188 "-" "Mozlila/5.0 (Linux; Android 7.0; SM-G892A Bulid/NRD90M; wv) AppleWebKit/537.36 (KHTML, like Gecko) Version/4.0 Chrome/60.0.3112.107 Moblie Safari/537.36"
194.169.175.167 - - [02/Nov/2023:06:51:16 +0000] "GET /wp-admin/ HTTP/1.1" 404 188 "-" "Mozlila/5.0 (Linux; Android 7.0; SM-G892A Bulid/NRD90M; wv) AppleWebKit/537.36 (KHTML, like Gecko) Version/4.0 Chrome/60.0.3112.107 Moblie Safari/537.36"
194.169.175.167 - - [02/Nov/2023:06:51:16 +0000] "GET /wp-content/ HTTP/1.1" 404 188 "-" "Mozlila/5.0 (Linux; Android 7.0; SM-G892A Bulid/NRD90M; wv) AppleWebKit/537.36 (KHTML, like Gecko) Version/4.0 Chrome/60.0.3112.107 Moblie Safari/537.36"
194.169.175.167 - - [02/Nov/2023:06:51:16 +0000] "GET /wp-content/upgrade/ HTTP/1.1" 404 188 "-" "Mozlila/5.0 (Linux; Android 7.0; SM-G892A Bulid/NRD90M; wv) AppleWebKit/537.36 (KHTML, like Gecko) Version/4.0 Chrome/60.0.3112.107 Moblie Safari/537.36"
194.169.175.167 - - [02/Nov/2023:06:51:16 +0000] "GET /.well-knownold/ HTTP/1.1" 404 188 "-" "Mozlila/5.0 (Linux; Android 7.0; SM-G892A Bulid/NRD90M; wv) AppleWebKit/537.36 (KHTML, like Gecko) Version/4.0 Chrome/60.0.3112.107 Moblie Safari/537.36"
185.189.182.234 - - [02/Nov/2023:07:02:23 +0000] "GET /hW8e HTTP/1.1" 400 157 "-" "-"
195.132.105.159 - - [02/Nov/2023:07:11:17 +0000] "GET / HTTP/1.0" 200 612 "-" "-"
35.160.27.221 - - [02/Nov/2023:07:19:34 +0000] "GET /robots.txt HTTP/1.1" 404 125 "-" "Mozilla/5.0 (compatible) SemanticScholarBot (+https://www.semanticscholar.org/crawler)"
35.160.27.221 - - [02/Nov/2023:07:19:40 +0000] "GET /robots.txt HTTP/1.1" 404 125 "-" "Mozilla/5.0 (compatible) SemanticScholarBot (+https://www.semanticscholar.org/crawler)"
35.160.27.221 - - [02/Nov/2023:07:19:53 +0000] "GET / HTTP/1.1" 200 102 "-" "Mozilla/5.0 (compatible) SemanticScholarBot (+https://www.semanticscholar.org/crawler)"
51.222.253.18 - - [02/Nov/2023:07:29:46 +0000] "GET /robots.txt HTTP/1.1" 404 125 "-" "Mozilla/5.0 (compatible; AhrefsBot/7.0; +http://ahrefs.com/robot/)"
57.129.23.166 - - [02/Nov/2023:07:33:48 +0000] "GET /.env HTTP/1.1" 404 188 "-" "Mozilla/5.0 (X11; Linux x86_64) AppleWebKit/537.36 (KHTML, like Gecko) Chrome/81.0.4044.129 Safari/537.36"
57.129.23.166 - - [02/Nov/2023:07:33:48 +0000] "POST / HTTP/1.1" 405 559 "-" "Mozilla/5.0 (X11; Linux x86_64) AppleWebKit/537.36 (KHTML, like Gecko) Chrome/81.0.4044.129 Safari/537.36"
146.59.155.218 - - [02/Nov/2023:07:40:34 +0000] "POST /blog/wp-cron.php?doing_wp_cron=1698910834.5216510295867919921875 HTTP/1.1" 200 31 "-" "WordPress/6.3.2; https://adr.iaan.be/blog"
90.151.171.108 - - [02/Nov/2023:07:41:06 +0000] "CONNECT checkip.amazonaws.com:443 HTTP/1.1" 400 157 "-" "-"
90.151.171.108 - - [02/Nov/2023:07:41:11 +0000] "\x04\x01\x00P4\xD1\xAC\xC10\x00" 400 157 "-" "-"
90.151.171.108 - - [02/Nov/2023:07:41:20 +0000] "GET http://checkip.amazonaws.com?Z78500833542Q1 HTTP/1.1" 400 157 "-" "-"
90.151.171.108 - - [02/Nov/2023:07:41:21 +0000] "\x05\x01\x00" 400 157 "-" "-"
65.154.226.169 - - [02/Nov/2023:08:00:03 +0000] "GET / HTTP/1.1" 200 102 "-" "Mozilla/5.0 (Windows NT 10.0) AppleWebKit/537.36 (KHTML, like Gecko) Chrome/106.0.0.0 Safari/537.36"
178.25.196.129 - - [02/Nov/2023:08:07:08 +0000] "GET / HTTP/1.1" 200 460 "-" "Mozilla/5.0 (Macintosh; Intel Mac OS X 10_16_0) AppleWebKit/537.36 (KHTML, like Gecko) HeadlessChrome/71.0.3542.0 Safari/537.36"
170.64.196.102 - - [02/Nov/2023:08:13:02 +0000] "GET /.git/config HTTP/1.1" 404 188 "-" "Mozilla/5.0 (X11; Linux x86_64) AppleWebKit/537.36 (KHTML, like Gecko) Chrome/81.0.4044.129 Safari/537.36"
170.64.196.102 - - [02/Nov/2023:08:13:03 +0000] "GET /.git/config HTTP/1.1" 404 188 "-" "Mozilla/5.0 (X11; Linux x86_64) AppleWebKit/537.36 (KHTML, like Gecko) Chrome/81.0.4044.129 Safari/537.36"
66.240.205.34 - - [02/Nov/2023:08:17:51 +0000] "Gh0st\xAD\x00\x00\x00\xE0\x00\x00\x00x\x9CKS``\x98\xC3\xC0\xC0\xC0\x06\xC4\x8C@\xBCQ\x96\x81\x81\x09H\x07\xA7\x16\x95e&\xA7*\x04$&g+\x182\x94\xF6\xB000\xAC\xA8rc\x00\x01\x11\xA0\x82\x1F\x5C`&\x83\xC7K7\x86\x19\xE5n\x0C9\x95n\x0C;\x84\x0F3\xAC\xE8sch\xA8^\xCF4'J\x97\xA9\x82\xE30\xC3\x91h]&\x90\xF8\xCE\x97S\xCBA4L?2=\xE1\xC4\x92\x86\x0B@\xF5`\x0CT\x1F\xAE\xAF]" 400 157 "-" "-"
57.129.23.166 - - [02/Nov/2023:08:24:31 +0000] "GET /.env HTTP/1.1" 404 188 "-" "Mozilla/5.0 (X11; Linux x86_64) AppleWebKit/537.36 (KHTML, like Gecko) Chrome/81.0.4044.129 Safari/537.36"
57.129.23.166 - - [02/Nov/2023:08:24:31 +0000] "POST / HTTP/1.1" 405 559 "-" "Mozilla/5.0 (X11; Linux x86_64) AppleWebKit/537.36 (KHTML, like Gecko) Chrome/81.0.4044.129 Safari/537.36"
52.25.208.208 - - [02/Nov/2023:08:30:50 +0000] "GET / HTTP/1.1" 200 102 "-" "my-tiny-bot"
35.203.211.194 - - [02/Nov/2023:08:37:18 +0000] "GET / HTTP/1.1" 200 612 "-" "Expanse, a Palo Alto Networks company, searches across the global IPv4 space multiple times per day to identify customers&#39; presences on the Internet. If you would like to be excluded from our scans, please send IP addresses/domains to: scaninfo@paloaltonetworks.com"
57.129.23.166 - - [02/Nov/2023:08:41:57 +0000] "GET /.env HTTP/1.1" 404 188 "-" "Mozilla/5.0 (X11; Linux x86_64) AppleWebKit/537.36 (KHTML, like Gecko) Chrome/81.0.4044.129 Safari/537.36"
57.129.23.166 - - [02/Nov/2023:08:41:57 +0000] "POST / HTTP/1.1" 405 559 "-" "Mozilla/5.0 (X11; Linux x86_64) AppleWebKit/537.36 (KHTML, like Gecko) Chrome/81.0.4044.129 Safari/537.36"
193.118.51.138 - - [02/Nov/2023:08:46:32 +0000] "GET / HTTP/1.1" 200 396 "-" "Mozilla/5.0 (Windows NT 10.0; WOW64) AppleWebKit/537.36 (KHTML, like Gecko) Chrome/66.0.3359.117 Safari/537.36"
94.102.49.193 - - [02/Nov/2023:08:50:12 +0000] "GET / HTTP/1.1" 200 612 "-" "Mozilla/5.0 (Windows NT 6.1) AppleWebKit/537.36 (KHTML, like Gecko) Chrome/41.0.2228.0 Safari/537.36"
94.102.49.193 - - [02/Nov/2023:08:50:12 +0000] "GET /robots.txt HTTP/1.1" 404 153 "-" "-"
94.102.49.193 - - [02/Nov/2023:08:50:12 +0000] "GET /sitemap.xml HTTP/1.1" 404 153 "-" "-"
94.102.49.193 - - [02/Nov/2023:08:50:12 +0000] "GET /.well-known/security.txt HTTP/1.1" 404 153 "-" "-"
94.102.49.193 - - [02/Nov/2023:08:50:13 +0000] "GET /favicon.ico HTTP/1.1" 404 125 "-" "Mozilla/5.0 (Macintosh; Intel Mac OS X 10.15; rv:80.0) Gecko/20100101 Firefox/80.0"
94.102.49.193 - - [02/Nov/2023:08:50:14 +0000] "\x03\xC6bCe\x00\x00\x00\x00\x00\x00\x00\x00\x00\x00\x00\x00\x00\x00\x00\x00\x00\x00\x00\x00\x00\x00\x00\x00\x00\x00\x00\x00\x00\x00\x00\x00\x00\x00\x00\x00\x00\x00\x00\x00\x00\x00\x00\x00\x00\x00\x00\x00\x00\x00\x00\x00\x00\x00\x00\x00\x00\x00\x00\x00\x00\x00\x00\x00\x00\x00\x00\x00\x00\x00\x00\x00\x00\x00\x00\x00\x00\x00\x00\x00\x00\x00\x00\x00\x00\x00\x00\x00\x00\x00\x00\x00\x00\x00\x00\x00\x00\x00\x00\x00\x00\x00\x00\x00\x00\x00\x00\x00\x00\x00\x00\x00\x00\x00\x00\x00\x00\x00\x00\x00\x00\x00\x00\x00\x00\x00\x00\x00\x00\x00\x00\x00\x00\x00\x00\x00\x00\x00\x00\x00\x00\x00\x00\x00\x00\x00\x00\x00\x00\x00\x00\x00\x00\x00\x00\x00\x00\x00\x00\x00\x00\x00\x00\x00\x00\x00\x00\x00\x00\x00\x00\x00\x00\x00\x00\x00\x00\x00\x00\x00\x00\x00\x00\x00\x00\x00\x00\x00\x00\x00\x00\x00\x00\x00\x00\x00\x00\x00\x00\x00\x00\x00\x00\x00\x00\x00\x00\x00\x00\x00\x00\x00\x00\x00\x00\x00\x00\x00\x00\x00\x00\x00\x00\x00\x00\x00\x00\x00\x00\x00\x00\x00\x00\x00\x00\x00\x00\x00\x00\x00\x00\x00\x00\x00\x00\x00\x00\x00\x00\x00\x00\x00\x00\x00\x00\x00\x00\x00\x00\x00\x00\x00\x00\x00\x00\x00\x00\x00\x00\x00\x00\x00\x00\x00\x00\x00\x00\x00\x00\x00\x00\x00\x00\x00\x00\x00\x00\x00\x00\x00\x00\x00\x00\x00\x00\x00\x00\x00\x00\x00\x00\x00\x00\x00\x00\x00\x00\x00\x00\x00\x00\x00\x00\x00\x00\x00\x00\x00\x00\x00\x00\x00\x00\x00\x00\x00\x00\x00\x00\x00\x00\x00\x00\x00\x00\x00\x00\x00\x00\x00\x00\x00\x00\x00\x00\x00\x00\x00\x00\x00\x00\x00\x00\x00\x00\x00\x00\x00\x00\x00\x00\x00\x00\x00\x00\x00\x00\x00\x00\x00\x00\x00\x00\x00\x00\x00\x00\x00\x00\x00\x00\x00\x00\x00\x00\x00\x00\x00\x00\x00\x00\x00\x00\x00\x00\x00\x00\x00\x00\x00\x00\x00\x00\x00\x00\x00\x00\x00\x00\x00\x00\x00\x00\x00\x00\x00\x00\x00\x00\x00\x00\x00\x00\x00\x00\x00\x00\x00\x00\x00\x00\x00\x00\x00\x00\x00\x00\x00\x00\x00\x00\x00\x00\x00\x00\x00\x00\x00\x00\x00\x00\x00\x00\x00\x00\x00\x00\x00\x00\x00\x00\x00\x00\x00\x00\x00\x00\x00\x00\x00\x00\x00\x00\x00\x00\x00\x00\x00\x00\x00\x00\x00\x00\x00\x00\x00\x00\x00\x00\x00\x00\x00\x00\x00\x00\x00\x00\x00\x00\x00\x00\x00\x00\x00\x00\x00\x00\x00\x00\x00\x00\x00\x00\x00\x00\x00\x00\x00\x00\x00\x00\x00\x00\x00\x00\x00\x00\x00\x00\x00\x00\x00\x00\x00\x00\x00\x00\x00\x00\x00\x00\x00\x00\x00\x00\x00\x00\x00\x00\x00\x00\x00\x00\x00\x00\x00\x00\x00\x00\x00\x00\x00\x00\x00\x00\x00\x00\x00\x00\x00\x00\x00\x00\x00\x00\x00\x00\x00\x00\x00\x00\x00\x00\x00\x00\x00\x00\x00\x00\x00\x00\x00\x00\x00\x00\x00\x00\x00\x00\x00\x00\x00\x00\x00\x00\x00\x00\x00\x00\x00\x00\x00\x00\x00\x00\x00\x00\x00\x00\x00\x00\x00\x00\x00\x00\x00\x00\x00\x00\x00\x00\x00\x00\x00\x00\x00\x00\x00\x00\x00\x00\x00\x00\x00\x00\x00\x00\x00\x00\x00\x00\x00\x00\x00\x00\x00\x00\x00\x00\x00\x00\x00\x00\x00\x00\x00\x00\x00\x00\x00\x00\x00\x00\x00\x00\x00\x00\x00\x00\x00\x00\x00\x00\x00\x00\x00\x00\x00\x00\x00\x00\x00\x00\x00\x00\x00\x00\x00\x00\x00\x00\x00\x00\x00\x00\x00\x00\x00\x00\x00\x00\x00\x00\x00\x00\x00\x00\x00\x00\x00\x00\x00\x00\x00\x00\x00\x00\x00\x00\x00\x00\x00\x00\x00\x00\x00\x00\x00\x00\x00\x00\x00\x00\x00\x00\x00\x00\x00\x00\x00\x00\x00\x00\x00\x00\x00\x00\x00\x00\x00\x00\x00\x00\x00\x00\x00\x00\x00\x00\x00\x00\x00\x00\x00\x00\x00\x00\x00\x00\x00\x00\x00\x00\x00\x00\x00\x00\x00\x00\x00\x00\x00\x00\x00\x00\x00\x00\x00\x00\x00\x00\x00\x00\x00\x00\x00\x00\x00\x00\x00\x00\x00\x00\x00\x00\x00\x00\x00\x00\x00\x00\x00\x00\x00\x00\x00\x00\x00\x00\x00\x00\x00\x00\x00\x00\x00\x00\x00\x00\x00\x00\x00\x00\x00\x00\x00\x00\x00\x00\x00\x00\x00\x00\x00\x00\x00\x00\x00\x00\x00\x00\x00\x00\x00\x00\x00\x00\x00\x00\x00\x00\x00\x00\x00\x00\x00\x00\x00\x00\x00\x00\x00\x00\x00\x00\x00\x00\x00\x00\x00\x00\x00\x00\x00\x00\x00\x00\x00\x00\x00\x00\x00\x00\x00\x00\x00\x00\x00\x00\x00\x00\x00\x00\x00\x00\x00\x00\x00\x00\x00\x00\x00\x00\x00\x00\x00\x00\x00\x00\x00\x00\x00\x00\x00\x00\x00\x00\x00\x00\x00\x00\x00\x00\x00\x00\x00\x00\x00\x00\x00\x00\x00\x00\x00\x00\x00\x00\x00\x00\x00\x00\x00\x00\x00\x00\x00\x00\x00\x00\x00\x00\x00\x00\x00\x00\x00\x00\x00\x00\x00\x00\x00\x00\x00\x00\x00\x00\x00\x00\x00\x00\x00\x00\x00\x00\x00\x00\x00\x00\x00\x00\x00\x00\x00\x00\x00\x00\x00\x00\x00\x00\x00\x00\x00\x00\x00\x00\x00\x00" 400 157 "-" "-"
87.101.18.123 - - [02/Nov/2023:08:55:11 +0000] "GET /status HTTP/1.1" 404 153 "-" "Mozilla"
87.101.18.123 - - [02/Nov/2023:08:55:11 +0000] "GET /stat HTTP/1.1" 404 153 "-" "Mozilla"
146.59.155.218 - - [02/Nov/2023:09:00:47 +0000] "POST /blog/wp-cron.php?doing_wp_cron=1698915647.3669300079345703125000 HTTP/1.1" 200 31 "-" "WordPress/6.3.2; https://adr.iaan.be/blog"
31.18.103.21 - - [02/Nov/2023:09:00:47 +0000] "GET /blog/feed/ HTTP/1.1" 304 0 "https://adr.iaan.be/blog/feed/" "FreshRSS/1.19.2 (Linux; https://freshrss.org)"
85.208.98.18 - - [02/Nov/2023:09:06:02 +0000] "GET /robots.txt HTTP/1.1" 404 125 "-" "Mozilla/5.0 (compatible; SemrushBot; +http://www.semrush.com/bot.html)"
85.208.98.18 - - [02/Nov/2023:09:07:45 +0000] "HEAD / HTTP/1.1" 200 0 "-" "Mozilla/5.0 (compatible; SemrushBot; +http://www.semrush.com/bot.html)"
167.94.145.59 - - [02/Nov/2023:09:18:22 +0000] "GET / HTTP/1.1" 200 612 "-" "-"
167.94.145.59 - - [02/Nov/2023:09:18:22 +0000] "GET / HTTP/1.1" 200 396 "-" "Mozilla/5.0 (compatible; CensysInspect/1.1; +https://about.censys.io/)"
167.94.145.59 - - [02/Nov/2023:09:18:22 +0000] "PRI * HTTP/2.0" 400 157 "-" "-"
167.94.145.59 - - [02/Nov/2023:09:18:22 +0000] "GET /favicon.ico HTTP/1.1" 404 125 "-" "Mozilla/5.0 (compatible; CensysInspect/1.1; +https://about.censys.io/)"
194.113.235.169 - - [02/Nov/2023:09:18:39 +0000] "GET /.index.php HTTP/1.1" 404 188 "http://iaan.be/.index.php" "Mozilla/4.0 (compatible; MSIE 6.0; Windows NT 5.1; SV1)"
194.113.235.169 - - [02/Nov/2023:09:18:39 +0000] "GET /index2.php HTTP/1.1" 404 188 "http://iaan.be/index2.php" "Mozilla/4.0 (compatible; MSIE 6.0; Windows NT 5.1; SV1)"
141.98.11.60 - - [02/Nov/2023:09:19:43 +0000] "GET / HTTP/1.1" 200 396 "-" "Mozilla/5.0 (Windows NT 10.0; Win64; x64) AppleWebKit/537.36 (KHTML, like Gecko) Chrome/90.0.4430.85 Safari/537.36 Edg/90.0.818.46"
34.212.147.159 - - [02/Nov/2023:09:28:07 +0000] "GET / HTTP/1.1" 200 102 "-" "Mozilla/5.0 (X11; Linux x86_64) AppleWebKit/537.36 (KHTML, like Gecko) Chrome/83.0.4103.97 Safari/537.36"
35.87.101.82 - - [02/Nov/2023:09:31:01 +0000] "GET / HTTP/1.1" 200 102 "-" "Mozilla/5.0 (X11; Linux x86_64) AppleWebKit/537.36 (KHTML, like Gecko) Chrome/83.0.4103.97 Safari/537.36"
34.216.201.88 - - [02/Nov/2023:09:31:54 +0000] "GET /favicon.ico HTTP/1.1" 404 188 "-" "Mozilla/5.0 (X11; Linux x86_64) AppleWebKit/537.36 (KHTML, like Gecko) Chrome/83.0.4103.97 Safari/537.36"
35.187.98.121 - - [02/Nov/2023:09:37:12 +0000] "GET / HTTP/1.1" 200 396 "-" "python-requests/2.31.0"
8.209.68.21 - - [02/Nov/2023:09:38:00 +0000] "GET /dns-query?dns=97oBAAABAAAAAAAABmdvb2dsZQNjb20AAAEAAQ HTTP/1.1" 404 153 "-" "Chrome"
90.151.171.108 - - [02/Nov/2023:09:38:19 +0000] "CONNECT check.best-proxies.ru:443 HTTP/1.1" 400 157 "-" "-"
90.151.171.108 - - [02/Nov/2023:09:38:19 +0000] "\x04\x01\x00P]\xAB\xCEy0\x00" 400 157 "-" "-"
90.151.171.108 - - [02/Nov/2023:09:38:29 +0000] "GET http://check.best-proxies.ru/ip.php?Z78500833542Q1 HTTP/1.1" 404 153 "https://google.com/" "Mozilla/5.0 (Windows NT 6.1; rv:16.0) Gecko/20100101 Firefox/16.0 (+https://best-proxies.ru/faq/#from)"
90.151.171.108 - - [02/Nov/2023:09:38:30 +0000] "\x05\x01\x00" 400 157 "-" "-"
141.98.11.52 - - [02/Nov/2023:09:43:42 +0000] "GET / HTTP/1.1" 200 396 "-" "Mozilla/5.0 (Windows NT 10.0; Win64; x64) AppleWebKit/537.36 (KHTML, like Gecko) Chrome/90.0.4430.85 Safari/537.36 Edg/90.0.818.46"
164.90.225.203 - - [02/Nov/2023:09:44:04 +0000] "GET /req?req=123 HTTP/1.1" 400 255 "-" "Python-urllib/3.10"
8.209.68.21 - - [02/Nov/2023:09:47:30 +0000] "POST /dns-query HTTP/1.1" 404 153 "-" "Chrome"
57.129.23.166 - - [02/Nov/2023:09:48:57 +0000] "GET /.env HTTP/1.1" 404 188 "-" "Mozilla/5.0 (X11; Linux x86_64) AppleWebKit/537.36 (KHTML, like Gecko) Chrome/81.0.4044.129 Safari/537.36"
57.129.23.166 - - [02/Nov/2023:09:48:57 +0000] "POST / HTTP/1.1" 405 559 "-" "Mozilla/5.0 (X11; Linux x86_64) AppleWebKit/537.36 (KHTML, like Gecko) Chrome/81.0.4044.129 Safari/537.36"
57.129.23.166 - - [02/Nov/2023:10:05:19 +0000] "GET /.env HTTP/1.1" 404 188 "-" "Mozilla/5.0 (X11; Linux x86_64) AppleWebKit/537.36 (KHTML, like Gecko) Chrome/81.0.4044.129 Safari/537.36"
57.129.23.166 - - [02/Nov/2023:10:05:19 +0000] "POST / HTTP/1.1" 405 559 "-" "Mozilla/5.0 (X11; Linux x86_64) AppleWebKit/537.36 (KHTML, like Gecko) Chrome/81.0.4044.129 Safari/537.36"
146.59.155.218 - - [02/Nov/2023:10:20:42 +0000] "POST /blog/wp-cron.php?doing_wp_cron=1698920442.9329490661621093750000 HTTP/1.1" 200 31 "-" "WordPress/6.3.2; https://adr.iaan.be/blog"
31.18.103.21 - - [02/Nov/2023:10:20:43 +0000] "GET /blog/feed/ HTTP/1.1" 304 0 "https://adr.iaan.be/blog/feed/" "FreshRSS/1.19.2 (Linux; https://freshrss.org)"
90.151.171.108 - - [02/Nov/2023:10:28:49 +0000] "CONNECT check.best-proxies.ru:443 HTTP/1.1" 400 157 "-" "-"
90.151.171.108 - - [02/Nov/2023:10:28:50 +0000] "\x04\x01\x00P]\xAB\xCEy0\x00" 400 157 "-" "-"
90.151.171.108 - - [02/Nov/2023:10:28:55 +0000] "GET http://check.best-proxies.ru/ip.php?Z78500833542Q1 HTTP/1.1" 404 153 "https://google.com/" "Mozilla/5.0 (Windows NT 6.1; rv:16.0) Gecko/20100101 Firefox/16.0 (+https://best-proxies.ru/faq/#from)"
90.151.171.108 - - [02/Nov/2023:10:29:00 +0000] "\x05\x01\x00" 400 157 "-" "-"
54.37.79.75 - - [02/Nov/2023:10:36:48 +0000] "GET /.env HTTP/1.1" 404 188 "-" "Mozilla/5.0 (X11; Linux x86_64) AppleWebKit/537.36 (KHTML, like Gecko) Chrome/81.0.4044.129 Safari/537.36"
54.37.79.75 - - [02/Nov/2023:10:36:48 +0000] "POST / HTTP/1.1" 405 559 "-" "Mozilla/5.0 (X11; Linux x86_64) AppleWebKit/537.36 (KHTML, like Gecko) Chrome/81.0.4044.129 Safari/537.36"
57.129.23.166 - - [02/Nov/2023:11:02:30 +0000] "GET /.env HTTP/1.1" 404 188 "-" "Mozilla/5.0 (X11; Linux x86_64) AppleWebKit/537.36 (KHTML, like Gecko) Chrome/81.0.4044.129 Safari/537.36"
57.129.23.166 - - [02/Nov/2023:11:02:30 +0000] "POST / HTTP/1.1" 405 559 "-" "Mozilla/5.0 (X11; Linux x86_64) AppleWebKit/537.36 (KHTML, like Gecko) Chrome/81.0.4044.129 Safari/537.36"
94.102.61.75 - - [02/Nov/2023:11:17:04 +0000] "GET / HTTP/1.1" 200 396 "-" "Mozilla/5.0 (Windows NT 10.0; Win64; x64) AppleWebKit/537.36 (KHTML, like Gecko) Chrome/88.0.4324.190 Safari/537.36"
193.35.18.187 - - [02/Nov/2023:11:25:11 +0000] "CONNECT google.com:443 HTTP/1.1" 400 157 "-" "-"
57.129.23.166 - - [02/Nov/2023:11:25:58 +0000] "GET /.env HTTP/1.1" 404 188 "-" "Mozilla/5.0 (X11; Linux x86_64) AppleWebKit/537.36 (KHTML, like Gecko) Chrome/81.0.4044.129 Safari/537.36"
57.129.23.166 - - [02/Nov/2023:11:25:58 +0000] "POST / HTTP/1.1" 405 559 "-" "Mozilla/5.0 (X11; Linux x86_64) AppleWebKit/537.36 (KHTML, like Gecko) Chrome/81.0.4044.129 Safari/537.36"
146.59.155.218 - - [02/Nov/2023:11:40:36 +0000] "POST /blog/wp-cron.php?doing_wp_cron=1698925236.4524309635162353515625 HTTP/1.1" 200 31 "-" "WordPress/6.3.2; https://adr.iaan.be/blog"
31.18.103.21 - - [02/Nov/2023:11:40:36 +0000] "GET /blog/feed/ HTTP/1.1" 304 0 "https://adr.iaan.be/blog/feed/" "FreshRSS/1.19.2 (Linux; https://freshrss.org)"
54.36.148.254 - - [02/Nov/2023:11:47:27 +0000] "GET /blog/home-theatre-pc-htpc-build-part-1/ HTTP/1.1" 200 13468 "-" "Mozilla/5.0 (compatible; AhrefsBot/7.0; +http://ahrefs.com/robot/)"
54.36.148.118 - - [02/Nov/2023:11:47:30 +0000] "GET /blog/wp-includes/css/dist/block-library/style.min.css?ver=6.3.2 HTTP/1.1" 200 104484 "-" "Mozilla/5.0 (compatible; AhrefsBot/7.0; +http://ahrefs.com/robot/)"
54.36.148.72 - - [02/Nov/2023:11:47:30 +0000] "GET /blog/wp-content/uploads/2022/11/htpc_4_cropped.jpeg HTTP/1.1" 200 371704 "-" "Mozilla/5.0 (compatible; AhrefsBot/7.0; +http://ahrefs.com/robot/)"
54.36.148.195 - - [02/Nov/2023:11:47:31 +0000] "GET /blog/wp-content/themes/twentytwentyone/style.css?ver=1.8 HTTP/1.1" 200 155461 "-" "Mozilla/5.0 (compatible; AhrefsBot/7.0; +http://ahrefs.com/robot/)"
54.36.148.190 - - [02/Nov/2023:11:47:31 +0000] "GET /blog/wp-content/uploads/2022/11/htpc_5-768x1024.jpeg HTTP/1.1" 200 178951 "-" "Mozilla/5.0 (compatible; AhrefsBot/7.0; +http://ahrefs.com/robot/)"
54.36.148.215 - - [02/Nov/2023:11:47:36 +0000] "GET /blog/wp-content/uploads/2022/11/htpc_1.jpeg HTTP/1.1" 200 291243 "-" "Mozilla/5.0 (compatible; AhrefsBot/7.0; +http://ahrefs.com/robot/)"
54.36.149.106 - - [02/Nov/2023:11:47:41 +0000] "GET /blog/wp-content/themes/twentytwentyone/assets/js/primary-navigation.js?ver=1.8 HTTP/1.1" 200 6046 "-" "Mozilla/5.0 (compatible; AhrefsBot/7.0; +http://ahrefs.com/robot/)"
54.36.148.41 - - [02/Nov/2023:11:47:42 +0000] "GET /blog/wp-includes/js/jquery/jquery.min.js?ver=3.7.0 HTTP/1.1" 200 87482 "-" "Mozilla/5.0 (compatible; AhrefsBot/7.0; +http://ahrefs.com/robot/)"
54.36.148.38 - - [02/Nov/2023:11:47:43 +0000] "GET /blog/wp-includes/js/comment-reply.min.js?ver=6.3.2 HTTP/1.1" 200 2981 "-" "Mozilla/5.0 (compatible; AhrefsBot/7.0; +http://ahrefs.com/robot/)"
54.36.148.208 - - [02/Nov/2023:11:47:43 +0000] "GET /blog/wp-content/plugins/enlighter/cache/enlighterjs.min.js?ver=buG/gjttwFWJKdz HTTP/1.1" 200 63318 "-" "Mozilla/5.0 (compatible; AhrefsBot/7.0; +http://ahrefs.com/robot/)"
54.36.148.183 - - [02/Nov/2023:11:47:43 +0000] "GET /blog/wp-content/plugins/foobox-image-lightbox/free/js/foobox.free.min.js?ver=2.7.25 HTTP/1.1" 200 100645 "-" "Mozilla/5.0 (compatible; AhrefsBot/7.0; +http://ahrefs.com/robot/)"
54.36.148.120 - - [02/Nov/2023:11:47:43 +0000] "GET /blog/wp-content/plugins/foobox-image-lightbox/free/css/foobox.free.min.css?ver=2.7.25 HTTP/1.1" 200 29766 "-" "Mozilla/5.0 (compatible; AhrefsBot/7.0; +http://ahrefs.com/robot/)"
54.36.148.127 - - [02/Nov/2023:11:47:44 +0000] "GET /blog/wp-includes/js/jquery/jquery-migrate.min.js?ver=3.4.1 HTTP/1.1" 200 13577 "-" "Mozilla/5.0 (compatible; AhrefsBot/7.0; +http://ahrefs.com/robot/)"
54.36.148.24 - - [02/Nov/2023:11:47:44 +0000] "GET /blog/wp-content/themes/twentytwentyone/assets/js/responsive-embeds.js?ver=1.8 HTTP/1.1" 200 1127 "-" "Mozilla/5.0 (compatible; AhrefsBot/7.0; +http://ahrefs.com/robot/)"
54.36.148.41 - - [02/Nov/2023:11:47:44 +0000] "GET /blog/wp-content/themes/twentytwentyone/assets/css/print.css?ver=1.8 HTTP/1.1" 200 2897 "-" "Mozilla/5.0 (compatible; AhrefsBot/7.0; +http://ahrefs.com/robot/)"
57.129.23.166 - - [02/Nov/2023:11:57:03 +0000] "GET /.env HTTP/1.1" 404 188 "-" "Mozilla/5.0 (X11; Linux x86_64) AppleWebKit/537.36 (KHTML, like Gecko) Chrome/81.0.4044.129 Safari/537.36"
57.129.23.166 - - [02/Nov/2023:11:57:03 +0000] "POST / HTTP/1.1" 405 559 "-" "Mozilla/5.0 (X11; Linux x86_64) AppleWebKit/537.36 (KHTML, like Gecko) Chrome/81.0.4044.129 Safari/537.36"
141.98.11.52 - - [02/Nov/2023:11:58:39 +0000] "GET / HTTP/1.1" 200 396 "-" "Mozilla/5.0 (Windows NT 10.0; Win64; x64) AppleWebKit/537.36 (KHTML, like Gecko) Chrome/90.0.4430.85 Safari/537.36 Edg/90.0.818.46"
141.98.11.60 - - [02/Nov/2023:12:01:44 +0000] "GET / HTTP/1.1" 200 396 "-" "Mozilla/5.0 (Windows NT 10.0; Win64; x64) AppleWebKit/537.36 (KHTML, like Gecko) Chrome/90.0.4430.85 Safari/537.36 Edg/90.0.818.46"
91.92.252.166 - - [02/Nov/2023:12:15:05 +0000] "GET /wp-pano.php HTTP/1.1" 404 47 "-" "Mozlila/5.0 (Linux; Android 7.0; SM-G892A Bulid/NRD90M; wv) AppleWebKit/537.36 (KHTML, like Gecko) Version/4.0 Chrome/60.0.3112.107 Moblie Safari/537.36"
90.151.171.108 - - [02/Nov/2023:12:28:57 +0000] "CONNECT checkip.amazonaws.com:443 HTTP/1.1" 400 157 "-" "-"
90.151.171.108 - - [02/Nov/2023:12:29:02 +0000] "\x04\x01\x00P4\xD6\xDCX0\x00" 400 157 "-" "-"
90.151.171.108 - - [02/Nov/2023:12:29:07 +0000] "GET http://checkip.amazonaws.com?Z78500833542Q1 HTTP/1.1" 400 157 "-" "-"
90.151.171.108 - - [02/Nov/2023:12:29:12 +0000] "\x05\x01\x00" 400 157 "-" "-"
185.36.81.33 - - [02/Nov/2023:12:30:56 +0000] "GET / HTTP/1.1" 200 396 "-" "Mozilla/5.0 (Windows NT 10.0; Win64; x64) AppleWebKit/537.36 (KHTML, like Gecko) Chrome/90.0.4430.85 Safari/537.36 Edg/90.0.818.46"
54.37.79.75 - - [02/Nov/2023:12:35:48 +0000] "GET /.env HTTP/1.1" 404 188 "-" "Mozilla/5.0 (X11; Linux x86_64) AppleWebKit/537.36 (KHTML, like Gecko) Chrome/81.0.4044.129 Safari/537.36"
54.37.79.75 - - [02/Nov/2023:12:35:48 +0000] "POST / HTTP/1.1" 405 559 "-" "Mozilla/5.0 (X11; Linux x86_64) AppleWebKit/537.36 (KHTML, like Gecko) Chrome/81.0.4044.129 Safari/537.36"
57.129.23.166 - - [02/Nov/2023:12:41:06 +0000] "GET /.env HTTP/1.1" 404 188 "-" "Mozilla/5.0 (X11; Linux x86_64) AppleWebKit/537.36 (KHTML, like Gecko) Chrome/81.0.4044.129 Safari/537.36"
57.129.23.166 - - [02/Nov/2023:12:41:06 +0000] "POST / HTTP/1.1" 405 559 "-" "Mozilla/5.0 (X11; Linux x86_64) AppleWebKit/537.36 (KHTML, like Gecko) Chrome/81.0.4044.129 Safari/537.36"
146.59.155.218 - - [02/Nov/2023:12:54:21 +0000] "POST /blog/wp-cron.php?doing_wp_cron=1698929661.1259219646453857421875 HTTP/1.1" 200 31 "-" "WordPress/6.3.2; https://adr.iaan.be/blog"
114.119.141.27 - - [02/Nov/2023:12:54:21 +0000] "GET /blog/tag/logic-app/ HTTP/1.1" 200 9180 "https://adr.iaan.be/blog/tag/sentinel/" "Mozilla/5.0 (Linux; Android 7.0;) AppleWebKit/537.36 (KHTML, like Gecko) Mobile Safari/537.36 (compatible; PetalBot;+https://webmaster.petalsearch.com/site/petalbot)"
146.59.155.218 - - [02/Nov/2023:12:54:21 +0000] "GET /blog/ HTTP/1.1" 200 11374 "-" "WordPress/6.3.2; https://adr.iaan.be/blog"
31.18.103.21 - - [02/Nov/2023:13:00:47 +0000] "GET /blog/feed/ HTTP/1.1" 304 0 "https://adr.iaan.be/blog/feed/" "FreshRSS/1.19.2 (Linux; https://freshrss.org)"
85.208.98.18 - - [02/Nov/2023:13:06:25 +0000] "GET /robots.txt HTTP/1.1" 404 125 "-" "Mozilla/5.0 (compatible; SemrushBot; +http://www.semrush.com/bot.html)"
85.208.98.18 - - [02/Nov/2023:13:06:48 +0000] "HEAD / HTTP/1.1" 200 0 "-" "Mozilla/5.0 (compatible; SemrushBot; +http://www.semrush.com/bot.html)"
34.245.128.236 - - [02/Nov/2023:13:07:31 +0000] "HEAD / HTTP/1.0" 200 0 "-" "Mozilla/5.0 (compatible; NetcraftSurveyAgent/1.0; +info@netcraft.com)"
8.210.135.220 - - [02/Nov/2023:13:11:06 +0000] "\x01\xBB\x01\xEE\x05\xF4\x08\xD8\xFE(\xBB_j\x96\xA0\x97\xAA\xC3\x22\xD8\xCE\x1E\x12\xC8\xC1\xB9\xA8d\xFD\x81\x96\xDC\x04\xEA\xBF\xA2\xDC\xDD\x1B=\xDB\xBD\xB6\xD8\xD0\x14~\xB1c\x8Fz\xC1\x9DC0i\x12\xFF\xC6\x1B\x02\x85]\xAB\x00\xB7S\xAD\xCD\xE4F+\x14iv\x1FY\xA3\xA0\x8F\x8F\x13}&j\xD1YF\xA4\xD3S\x94 \xE2\x7F{\x89\x07(\xE2\xC9c>Pr\x99.\xCC\x16P\x81\x09T\x9C5\xFF\x91\xF4\x5C>K'\xF7'\x10~tjp-\x84\x1E-1\xE8\xB7\xDC\xA5`:Iq\xFB\xFA\x8DKN\x0E\x97\x8E\x98\xCE\x18\xA9\x99dac\x05\xBB\xF0=\xFE\xFE\x105\x9B\x07p\x192\xE6\x9F\x05\xA4\xAB\xECH\xAD\xF4\x89\x8B\xDC\x96;\x99\xA5\x94cW`\x9C0\xFB\x1B\x9B\xFC~\xF9u\xD9\xAA\xBD\xFB\x1C\xB3\x1E\x1C{\x9D\xED\xBD[\xAF\x94\xBEm\xC4\xD8\xC7+\x18)C\xEB}\x93[\x22\x88+1A\x07\x18,\x90P\xC6%\x7F\xA6)\x93\xE1\x92v\xED\xEB1\x05\xB4\xF8\x80\x8A\x22lW\x12\xCA\xD6\x87\xE8\xD6%9J\x88\x9EKH[\xF8.\xC4\xE9\x0Cn}X\xCF\x98F\xE3J\xA0\xEDj?b-\x84h\xAF=\xCA\xFE\xA4\xAA\xD9\x97C\x88\x12\xD2\x8E\x92\x0E\x03&\xEF\x8A\xDD[\xA1\xFB\x1D\x88\x18\x98\x9D'\xE5_\x95\xB5\x89kA\x95z\xEE\xD1\x5C\x1F\xC4\x5C~\x9Al\x08M-\xCA\x91\x8BV\xA9\x84\xE0\x81\x94\x5C\xE6\xD0-\xC6\xD8m,\x9B\xD9\x82O\xD5\xD2\xE4\xE7\x83d\xB2\x89\x82\x8D\x15v7\xFA\xBB\xA4\xE1\xED\xC75k\xC3\x8A5y\x8A\x86\x0Bm#e\x16)\xD3M\xBDb2=H\x11\x1D\x80\xBE\x9C\x03H\xB6\xCE\x1F\x1F\xEE\xFB~V4T\x8B\x07\xD0\x05\x12\xC2ZR \x81\xA6\x08\x82@=\xE3\x88\xAE\xD8yT\x91\x1C>\x9E;C\xA9Q|\x15L=\xB3\xE9T9P\xC9\x8C\xA8oN\xB5\xC4\xD7\x09#U`I\xDAe\x05CQ\xE45\x9D\xE2\xB9\x08,LR\xEF'o\xA7\x95BaX_\xC4\xD7bX\xF1" 400 157 "-" "-"
34.140.108.199 - - [02/Nov/2023:13:14:15 +0000] "GET /autodiscove/ HTTP/1.1" 404 188 "-" "Mozilla/5.0 (Windows NT 10.0; Win64; x64) AppleWebKit/537.36 (KHTML, like Gecko) Chrome/105.0.0.0 Safari/537.36"
20.106.90.80 - - [02/Nov/2023:13:14:47 +0000] "GET / HTTP/1.1" 301 5 "-" "Mozilla/5.0 (Windows NT 10.0; Win64; x64) AppleWebKit/537.36 (KHTML, like Gecko) Chrome/89.0.4389.114 Safari/537.36"
20.106.90.80 - - [02/Nov/2023:13:14:47 +0000] "" 400 0 "-" "-"
20.106.90.80 - - [02/Nov/2023:13:14:48 +0000] "GET / HTTP/1.1" 200 770 "-" "Mozilla/5.0 (Windows NT 10.0; Win64; x64) AppleWebKit/537.36 (KHTML, like Gecko) Chrome/89.0.4389.114 Safari/537.36"
146.59.155.218 - - [02/Nov/2023:13:14:48 +0000] "POST /blog/wp-cron.php?doing_wp_cron=1698930888.6974198818206787109375 HTTP/1.1" 200 31 "-" "WordPress/6.3.2; https://adr.iaan.be/blog"
20.106.90.80 - - [02/Nov/2023:13:14:48 +0000] "GET //wp-includes/wlwmanifest.xml HTTP/1.1" 301 5 "-" "Mozilla/5.0 (Windows NT 10.0; Win64; x64) AppleWebKit/537.36 (KHTML, like Gecko) Chrome/89.0.4389.114 Safari/537.36"
20.106.90.80 - - [02/Nov/2023:13:14:48 +0000] "GET //xmlrpc.php?rsd HTTP/1.1" 404 27 "-" "Mozilla/5.0 (Windows NT 10.0; Win64; x64) AppleWebKit/537.36 (KHTML, like Gecko) Chrome/89.0.4389.114 Safari/537.36"
20.106.90.80 - - [02/Nov/2023:13:14:49 +0000] "GET / HTTP/1.1" 200 770 "-" "Mozilla/5.0 (Windows NT 10.0; Win64; x64) AppleWebKit/537.36 (KHTML, like Gecko) Chrome/89.0.4389.114 Safari/537.36"
20.106.90.80 - - [02/Nov/2023:13:14:49 +0000] "GET //blog/wp-includes/wlwmanifest.xml HTTP/1.1" 301 5 "-" "Mozilla/5.0 (Windows NT 10.0; Win64; x64) AppleWebKit/537.36 (KHTML, like Gecko) Chrome/89.0.4389.114 Safari/537.36"
20.106.90.80 - - [02/Nov/2023:13:14:49 +0000] "GET //web/wp-includes/wlwmanifest.xml HTTP/1.1" 301 5 "-" "Mozilla/5.0 (Windows NT 10.0; Win64; x64) AppleWebKit/537.36 (KHTML, like Gecko) Chrome/89.0.4389.114 Safari/537.36"
20.106.90.80 - - [02/Nov/2023:13:14:49 +0000] "GET //wordpress/wp-includes/wlwmanifest.xml HTTP/1.1" 301 5 "-" "Mozilla/5.0 (Windows NT 10.0; Win64; x64) AppleWebKit/537.36 (KHTML, like Gecko) Chrome/89.0.4389.114 Safari/537.36"
20.106.90.80 - - [02/Nov/2023:13:14:49 +0000] "GET //website/wp-includes/wlwmanifest.xml HTTP/1.1" 301 5 "-" "Mozilla/5.0 (Windows NT 10.0; Win64; x64) AppleWebKit/537.36 (KHTML, like Gecko) Chrome/89.0.4389.114 Safari/537.36"
20.106.90.80 - - [02/Nov/2023:13:14:50 +0000] "GET //wp/wp-includes/wlwmanifest.xml HTTP/1.1" 301 5 "-" "Mozilla/5.0 (Windows NT 10.0; Win64; x64) AppleWebKit/537.36 (KHTML, like Gecko) Chrome/89.0.4389.114 Safari/537.36"
20.106.90.80 - - [02/Nov/2023:13:14:50 +0000] "GET //news/wp-includes/wlwmanifest.xml HTTP/1.1" 301 5 "-" "Mozilla/5.0 (Windows NT 10.0; Win64; x64) AppleWebKit/537.36 (KHTML, like Gecko) Chrome/89.0.4389.114 Safari/537.36"
20.106.90.80 - - [02/Nov/2023:13:14:50 +0000] "GET //2020/wp-includes/wlwmanifest.xml HTTP/1.1" 301 5 "-" "Mozilla/5.0 (Windows NT 10.0; Win64; x64) AppleWebKit/537.36 (KHTML, like Gecko) Chrome/89.0.4389.114 Safari/537.36"
20.106.90.80 - - [02/Nov/2023:13:14:50 +0000] "GET //2019/wp-includes/wlwmanifest.xml HTTP/1.1" 301 5 "-" "Mozilla/5.0 (Windows NT 10.0; Win64; x64) AppleWebKit/537.36 (KHTML, like Gecko) Chrome/89.0.4389.114 Safari/537.36"
20.106.90.80 - - [02/Nov/2023:13:14:50 +0000] "GET //shop/wp-includes/wlwmanifest.xml HTTP/1.1" 301 5 "-" "Mozilla/5.0 (Windows NT 10.0; Win64; x64) AppleWebKit/537.36 (KHTML, like Gecko) Chrome/89.0.4389.114 Safari/537.36"
20.106.90.80 - - [02/Nov/2023:13:14:51 +0000] "GET //wp1/wp-includes/wlwmanifest.xml HTTP/1.1" 301 5 "-" "Mozilla/5.0 (Windows NT 10.0; Win64; x64) AppleWebKit/537.36 (KHTML, like Gecko) Chrome/89.0.4389.114 Safari/537.36"
20.106.90.80 - - [02/Nov/2023:13:14:51 +0000] "GET //test/wp-includes/wlwmanifest.xml HTTP/1.1" 301 5 "-" "Mozilla/5.0 (Windows NT 10.0; Win64; x64) AppleWebKit/537.36 (KHTML, like Gecko) Chrome/89.0.4389.114 Safari/537.36"
20.106.90.80 - - [02/Nov/2023:13:14:51 +0000] "GET //wp2/wp-includes/wlwmanifest.xml HTTP/1.1" 301 5 "-" "Mozilla/5.0 (Windows NT 10.0; Win64; x64) AppleWebKit/537.36 (KHTML, like Gecko) Chrome/89.0.4389.114 Safari/537.36"
20.106.90.80 - - [02/Nov/2023:13:14:51 +0000] "GET //site/wp-includes/wlwmanifest.xml HTTP/1.1" 301 5 "-" "Mozilla/5.0 (Windows NT 10.0; Win64; x64) AppleWebKit/537.36 (KHTML, like Gecko) Chrome/89.0.4389.114 Safari/537.36"
20.106.90.80 - - [02/Nov/2023:13:14:51 +0000] "GET //cms/wp-includes/wlwmanifest.xml HTTP/1.1" 301 5 "-" "Mozilla/5.0 (Windows NT 10.0; Win64; x64) AppleWebKit/537.36 (KHTML, like Gecko) Chrome/89.0.4389.114 Safari/537.36"
20.106.90.80 - - [02/Nov/2023:13:14:51 +0000] "GET //sito/wp-includes/wlwmanifest.xml HTTP/1.1" 301 5 "-" "Mozilla/5.0 (Windows NT 10.0; Win64; x64) AppleWebKit/537.36 (KHTML, like Gecko) Chrome/89.0.4389.114 Safari/537.36"
20.106.90.80 - - [02/Nov/2023:13:14:52 +0000] "" 400 0 "-" "-"
170.64.196.102 - - [02/Nov/2023:13:19:22 +0000] "GET /.git/config HTTP/1.1" 404 188 "-" "Mozilla/5.0 (X11; Linux x86_64) AppleWebKit/537.36 (KHTML, like Gecko) Chrome/81.0.4044.129 Safari/537.36"
170.64.196.102 - - [02/Nov/2023:13:19:23 +0000] "GET /.git/config HTTP/1.1" 404 188 "-" "Mozilla/5.0 (X11; Linux x86_64) AppleWebKit/537.36 (KHTML, like Gecko) Chrome/81.0.4044.129 Safari/537.36"
85.208.98.18 - - [02/Nov/2023:13:20:56 +0000] "GET /robots.txt HTTP/1.1" 404 125 "-" "Mozilla/5.0 (compatible; SemrushBot; +http://www.semrush.com/bot.html)"
54.36.115.221 - - [02/Nov/2023:13:21:04 +0000] "GET /.env HTTP/1.1" 404 188 "-" "Mozilla/5.0 (X11; Linux x86_64) AppleWebKit/537.36 (KHTML, like Gecko) Chrome/81.0.4044.129 Safari/537.36"
54.36.115.221 - - [02/Nov/2023:13:21:04 +0000] "POST / HTTP/1.1" 405 559 "-" "Mozilla/5.0 (X11; Linux x86_64) AppleWebKit/537.36 (KHTML, like Gecko) Chrome/81.0.4044.129 Safari/537.36"
85.208.98.18 - - [02/Nov/2023:13:25:08 +0000] "HEAD / HTTP/1.1" 200 0 "-" "Mozilla/5.0 (compatible; SemrushBot; +http://www.semrush.com/bot.html)"
54.170.253.83 - - [02/Nov/2023:13:27:02 +0000] "GET / HTTP/1.1" 200 102 "-" "Mozilla/5.0 (Macintosh; Intel Mac OS X 10.15; rv:81.0) Gecko/20100101 Firefox/81.0"
90.151.171.108 - - [02/Nov/2023:13:29:22 +0000] "CONNECT checkip.amazonaws.com:443 HTTP/1.1" 400 157 "-" "-"
90.151.171.108 - - [02/Nov/2023:13:29:23 +0000] "\x04\x01\x00P4\xD1\xAC\xC10\x00" 400 157 "-" "-"
90.151.171.108 - - [02/Nov/2023:13:29:32 +0000] "GET http://checkip.amazonaws.com?Z78500833542Q1 HTTP/1.1" 400 157 "-" "-"
90.151.171.108 - - [02/Nov/2023:13:29:34 +0000] "\x05\x01\x00" 400 157 "-" "-"
125.75.66.97 - - [02/Nov/2023:13:30:32 +0000] "GET / HTTP/1.1" 200 396 "-" "Mozilla/5.0 (iPhone; CPU iPhone OS 13_2_3 like Mac OS X) AppleWebKit/605.1.15 (KHTML, like Gecko) Version/13.0.3 Mobile/15E148 Safari/604.1"
57.129.23.166 - - [02/Nov/2023:13:33:11 +0000] "GET /.env HTTP/1.1" 404 188 "-" "Mozilla/5.0 (X11; Linux x86_64) AppleWebKit/537.36 (KHTML, like Gecko) Chrome/81.0.4044.129 Safari/537.36"
57.129.23.166 - - [02/Nov/2023:13:33:11 +0000] "POST / HTTP/1.1" 405 559 "-" "Mozilla/5.0 (X11; Linux x86_64) AppleWebKit/537.36 (KHTML, like Gecko) Chrome/81.0.4044.129 Safari/537.36"
168.232.14.151 - - [02/Nov/2023:13:34:34 +0000] "GET / HTTP/1.1" 200 612 "-" "Mozilla/5.0 (Windows NT 6.1; WOW64) AppleWebKit/537.36 (KHTML, like Gecko) Chrome/52.0.2743.116 Safari/537.36"
8.219.139.222 - - [02/Nov/2023:13:37:12 +0000] "GET /.env HTTP/1.1" 404 188 "-" "Mozilla/5.0 (Linux; Android 5.0.2; SM-T530NU Build/LRX22G) AppleWebKit/537.36 (KHTML, like Gecko) Chrome/45.0.2454.84 Safari/537.36"
8.219.139.222 - - [02/Nov/2023:13:37:38 +0000] "GET /wp-config.php.bak HTTP/1.1" 404 188 "-" "Mozilla/5.0 (Linux; Android 5.0.2; SM-T530NU Build/LRX22G) AppleWebKit/537.36 (KHTML, like Gecko) Chrome/45.0.2454.84 Safari/537.36"
8.219.139.222 - - [02/Nov/2023:13:38:08 +0000] "GET /wp-config.php~ HTTP/1.1" 404 188 "-" "Mozilla/5.0 (Linux; Android 5.0.2; SM-T530NU Build/LRX22G) AppleWebKit/537.36 (KHTML, like Gecko) Chrome/45.0.2454.84 Safari/537.36"
8.219.139.222 - - [02/Nov/2023:13:38:26 +0000] "GET /phpinfo.php HTTP/1.1" 404 188 "-" "Mozilla/5.0 (Linux; Android 5.0.2; SM-T530NU Build/LRX22G) AppleWebKit/537.36 (KHTML, like Gecko) Chrome/45.0.2454.84 Safari/537.36"
8.219.139.222 - - [02/Nov/2023:13:38:27 +0000] "GET /info.php HTTP/1.1" 404 188 "-" "Mozilla/5.0 (Linux; Android 5.0.2; SM-T530NU Build/LRX22G) AppleWebKit/537.36 (KHTML, like Gecko) Chrome/45.0.2454.84 Safari/537.36"
8.219.139.222 - - [02/Nov/2023:13:38:36 +0000] "GET /.vscode/sftp.json HTTP/1.1" 404 188 "-" "Mozilla/5.0 (Linux; Android 5.0.2; SM-T530NU Build/LRX22G) AppleWebKit/537.36 (KHTML, like Gecko) Chrome/45.0.2454.84 Safari/537.36"
8.219.139.222 - - [02/Nov/2023:13:39:03 +0000] "GET /sftp-config.json HTTP/1.1" 404 188 "-" "Mozilla/5.0 (Linux; Android 5.0.2; SM-T530NU Build/LRX22G) AppleWebKit/537.36 (KHTML, like Gecko) Chrome/45.0.2454.84 Safari/537.36"
18.217.129.164 - - [02/Nov/2023:13:52:42 +0000] "GET / HTTP/1.1" 200 102 "-" "Mozilla/5.0 (Macintosh; Intel Mac OS X 10_10_2) AppleWebKit/537.36 (KHTML, like Gecko) Chrome/42.0.2311.82 Safari/537.36 OPR/29.0.1795.41"
57.129.23.166 - - [02/Nov/2023:14:08:35 +0000] "GET /.env HTTP/1.1" 404 188 "-" "Mozilla/5.0 (X11; Linux x86_64) AppleWebKit/537.36 (KHTML, like Gecko) Chrome/81.0.4044.129 Safari/537.36"
57.129.23.166 - - [02/Nov/2023:14:08:35 +0000] "POST / HTTP/1.1" 405 559 "-" "Mozilla/5.0 (X11; Linux x86_64) AppleWebKit/537.36 (KHTML, like Gecko) Chrome/81.0.4044.129 Safari/537.36"
146.59.155.218 - - [02/Nov/2023:14:20:37 +0000] "POST /blog/wp-cron.php?doing_wp_cron=1698934837.6486899852752685546875 HTTP/1.1" 200 31 "-" "WordPress/6.3.2; https://adr.iaan.be/blog"
31.18.103.21 - - [02/Nov/2023:14:20:37 +0000] "GET /blog/feed/ HTTP/1.1" 304 0 "https://adr.iaan.be/blog/feed/" "FreshRSS/1.19.2 (Linux; https://freshrss.org)"
90.151.171.108 - - [02/Nov/2023:14:23:36 +0000] "CONNECT ip.bablosoft.com:443 HTTP/1.1" 400 157 "-" "-"
90.151.171.108 - - [02/Nov/2023:14:23:41 +0000] "\x04\x01\x00P\x8E]\x88\x8E0\x00" 400 157 "-" "-"
90.151.171.108 - - [02/Nov/2023:14:23:46 +0000] "GET http://ip.bablosoft.com/?Z78500833542Q1 HTTP/1.1" 200 612 "https://google.com/" "Mozilla/5.0 (Windows NT 6.1; rv:16.0) Gecko/20100101 Firefox/16.0 (+https://best-proxies.ru/faq/#from)"
90.151.171.108 - - [02/Nov/2023:14:23:51 +0000] "\x05\x01\x00" 400 157 "-" "-"
54.216.157.224 - - [02/Nov/2023:14:30:24 +0000] "GET / HTTP/1.1" 200 102 "-" "Mozilla/5.0 (Windows NT 6.0; Win64; x64) AppleWebKit/537.36 (KHTML, like Gecko) Chrome/57.0.2987.133 Safari/537.36"
57.129.23.166 - - [02/Nov/2023:14:45:22 +0000] "GET /.env HTTP/1.1" 404 188 "-" "Mozilla/5.0 (X11; Linux x86_64) AppleWebKit/537.36 (KHTML, like Gecko) Chrome/81.0.4044.129 Safari/537.36"
57.129.23.166 - - [02/Nov/2023:14:45:22 +0000] "POST / HTTP/1.1" 405 559 "-" "Mozilla/5.0 (X11; Linux x86_64) AppleWebKit/537.36 (KHTML, like Gecko) Chrome/81.0.4044.129 Safari/537.36"
46.191.226.173 - - [02/Nov/2023:14:57:58 +0000] "GET / HTTP/1.1" 200 612 "-" "Mozilla/5.0 (Windows NT 6.1; WOW64) AppleWebKit/537.36 (KHTML, like Gecko) Chrome/51.0.2704.103 Safari/537.36"
141.98.11.60 - - [02/Nov/2023:15:02:23 +0000] "GET / HTTP/1.1" 200 396 "-" "Mozilla/5.0 (Windows NT 10.0; Win64; x64) AppleWebKit/537.36 (KHTML, like Gecko) Chrome/90.0.4430.85 Safari/537.36 Edg/90.0.818.46"
51.254.59.113 - - [02/Nov/2023:15:08:47 +0000] "GET / HTTP/1.1" 200 612 "-" "Mozilla/5.0 (Windows NT 6.1) AppleWebKit/537.36 (KHTML, like Gecko) Chrome/41.0.2228.0 Safari/537.36"
54.36.115.221 - - [02/Nov/2023:15:18:04 +0000] "GET /.env HTTP/1.1" 404 188 "-" "Mozilla/5.0 (X11; Linux x86_64) AppleWebKit/537.36 (KHTML, like Gecko) Chrome/81.0.4044.129 Safari/537.36"
54.36.115.221 - - [02/Nov/2023:15:18:04 +0000] "POST / HTTP/1.1" 405 559 "-" "Mozilla/5.0 (X11; Linux x86_64) AppleWebKit/537.36 (KHTML, like Gecko) Chrome/81.0.4044.129 Safari/537.36"
36.226.203.111 - - [02/Nov/2023:15:27:08 +0000] "GET / HTTP/1.1" 200 102 "http://iaan.be" "Mozilla/5.0 (Windows NT 6.1; WOW64) AppleWebKit/537.36 (KHTML, like Gecko) Chrome/38.0.9278.600 Safari/537.36"
90.151.171.108 - - [02/Nov/2023:15:27:32 +0000] "CONNECT api.ipify.org:443 HTTP/1.1" 400 157 "-" "-"
90.151.171.108 - - [02/Nov/2023:15:27:38 +0000] "\x04\x01\x00Ph\xED>\xD40\x00" 400 157 "-" "-"
90.151.171.108 - - [02/Nov/2023:15:27:47 +0000] "GET http://api.ipify.org?Z78500833542Q1 HTTP/1.1" 400 157 "-" "-"
90.151.171.108 - - [02/Nov/2023:15:27:48 +0000] "\x05\x01\x00" 400 157 "-" "-"
57.129.23.166 - - [02/Nov/2023:15:31:57 +0000] "GET /.env HTTP/1.1" 404 188 "-" "Mozilla/5.0 (X11; Linux x86_64) AppleWebKit/537.36 (KHTML, like Gecko) Chrome/81.0.4044.129 Safari/537.36"
57.129.23.166 - - [02/Nov/2023:15:31:57 +0000] "POST / HTTP/1.1" 405 559 "-" "Mozilla/5.0 (X11; Linux x86_64) AppleWebKit/537.36 (KHTML, like Gecko) Chrome/81.0.4044.129 Safari/537.36"
36.226.203.111 - - [02/Nov/2023:15:36:08 +0000] "GET / HTTP/1.1" 200 102 "http://iaan.be" "Mozilla/5.0 (Windows NT 6.1; WOW64) AppleWebKit/537.36 (KHTML, like Gecko) Chrome/32.0.9349.627 Safari/537.36"
146.59.155.218 - - [02/Nov/2023:15:38:38 +0000] "POST /blog/wp-cron.php?doing_wp_cron=1698939518.3372509479522705078125 HTTP/1.1" 200 31 "-" "WordPress/6.3.2; https://adr.iaan.be/blog"
54.208.216.106 - - [02/Nov/2023:15:38:38 +0000] "GET /blog/querying-log-analytics-from-logic-apps/ HTTP/1.1" 200 14251 "-" "AntBot"
31.18.103.21 - - [02/Nov/2023:15:40:37 +0000] "GET /blog/feed/ HTTP/1.1" 304 0 "https://adr.iaan.be/blog/feed/" "FreshRSS/1.19.2 (Linux; https://freshrss.org)"
34.242.88.185 - - [02/Nov/2023:15:51:44 +0000] "GET / HTTP/1.1" 200 102 "-" "Mozilla/5.0 (Windows NT 6.1; WOW64) AppleWebKit/537.36 (KHTML, like Gecko) Chrome/44.0.2403.157 Safari/537.36"
141.138.169.249 - - [02/Nov/2023:15:52:35 +0000] "GET /.well-known/acme-challenge/8a374f HTTP/1.1" 404 125 "-" "Mozilla/5.0 (compatible; Let's Encrypt prevalidation check; +https://www.antagonist.nl)"
141.138.169.249 - - [02/Nov/2023:15:52:35 +0000] "GET /.well-known/acme-challenge/ba9daa HTTP/1.1" 404 8622 "-" "Mozilla/5.0 (compatible; Let's Encrypt prevalidation check; +https://www.antagonist.nl)"
